CharAt(brokm,1) = 114
CharAt oob     = -1
Chr(65)        = A
Substr         = world
Substr clamp   = i
IndexOf hit    = 6
IndexOf miss   = -1
ToInt          = 123
ToStr int      = 42
ToStr float    = 3.5
ToStr bool/nil = TRUE FALSE
Ptr nil        = 0x0
eq             = 1
Abs            = 7 2.5
Min/Max        = 3 9
Min/Max float  = 1.5 2.5
Sqrt           = 12
Pow            = 1024
Floor/Ceil     = 3 4
